// Jest Snapshot v1, https://goo.gl/fbAQLP

exports[`Find Component it matches the snapshot 1`] = `
<div
  className="styles__Row-sc-18xwbcb-2 MjgCm"
>
  <div
    className="styles__Row-sc-18xwbcb-2 MjgCm"
  >
    <div
      className="styles__Col-sc-18xwbcb-1 cOYgjR"
    >
      <a
        href="/users"
        onClick={[Function]}
      >
        <div
          className="styles__Button-sc-18xwbcb-5 styles__ButtonPrimary-sc-18xwbcb-6 YFSZa"
        >
          Back
        </div>
      </a>
    </div>
  </div>
  <div
    className="styles__Row-sc-18xwbcb-2 MjgCm"
  >
    <div
      className="styles__Col-sc-18xwbcb-1 cOYgjR"
    >
      <div
        className="styles__FormDiv-sc-18xwbcb-10 hMsRmX"
      >
        <div
          className="styles__Row-sc-18xwbcb-2 MjgCm"
        >
          <div
            className="styles__Col-sc-18xwbcb-1 cOYgjR"
          >
            <label>
              Employee Number
            </label>
          </div>
          <div
            className="styles__Col-sc-18xwbcb-1 cOYgjR"
          />
        </div>
        <div
          className="styles__Row-sc-18xwbcb-2 MjgCm"
        >
          <div
            className="styles__Col-sc-18xwbcb-1 cOYgjR"
          >
             
            <label>
              Name
            </label>
          </div>
          <div
            className="styles__Col-sc-18xwbcb-1 cOYgjR"
          >
            undefined undefined
          </div>
        </div>
        <div
          className="styles__Row-sc-18xwbcb-2 MjgCm"
        >
          <div
            className="styles__Col-sc-18xwbcb-1 cOYgjR"
          >
            <label>
              Email
            </label>
          </div>
          <div
            className="styles__Col-sc-18xwbcb-1 cOYgjR"
          />
        </div>
        <div
          className="styles__Row-sc-18xwbcb-2 MjgCm"
        >
          <div
            className="styles__Col-sc-18xwbcb-1 cOYgjR"
          >
            <label>
              Mobile
            </label>
          </div>
          <div
            className="styles__Col-sc-18xwbcb-1 cOYgjR"
          />
        </div>
      </div>
      <div
        className="styles__Row-sc-18xwbcb-2 MjgCm"
      >
        <div
          className="styles__Col-sc-18xwbcb-1 cOYgjR"
        >
          <div
            className="styles__Button-sc-18xwbcb-5 styles__ButtonDanger-sc-18xwbcb-9 jRprLs"
            id="deleteUser"
            onClick={[Function]}
          >
            Delete
          </div>
        </div>
      </div>
    </div>
  </div>
</div>
`;

exports[`Form Submit Check Value 1`] = `
"<BrowserRouter>
  <Router history={{...}}>
    <ConnectFunction store={{...}} deleteUser={[Function: mockConstructor]} match={{...}}>
      <FindComponent store={{...}} deleteUser={[Function: mockConstructor]} match={{...}} user={{...}} isLoading={false} error={[undefined]} dispatch={[Function: mockConstructor]}>
        <Notification message=\\"!!! User Deleted Successfully !!!\\">
          <styles__Alert>
            <StyledComponent forwardedComponent={{...}} forwardedRef={{...}}>
              <div className=\\"styles__Alert-sc-18xwbcb-13 lbQqls\\">
                <styles__Row>
                  <StyledComponent forwardedComponent={{...}} forwardedRef={{...}}>
                    <div className=\\"styles__Row-sc-18xwbcb-2 MjgCm\\">
                      <strong>
                        !!! User Deleted Successfully !!!
                      </strong>
                    </div>
                  </StyledComponent>
                </styles__Row>
              </div>
            </StyledComponent>
          </styles__Alert>
        </Notification>
      </FindComponent>
    </ConnectFunction>
  </Router>
</BrowserRouter>"
`;
