// Jest Snapshot v1, https://goo.gl/fbAQLP

exports[`Search Component it matches the snapshot 1`] = `
<div
  className="styles__Row-sc-18xwbcb-2 MjgCm"
>
  <h3>
    Search By Employee Number
  </h3>
  <div
    className="styles__FormDiv-sc-18xwbcb-10 hMsRmX"
  >
    <div
      className="styles__Row-sc-18xwbcb-2 MjgCm"
    >
      <div
        className="styles__Col-sc-18xwbcb-1 cOYgjR"
      >
        <label>
          Number 
        </label>
      </div>
      <div
        className="styles__Col-sc-18xwbcb-1 cOYgjR"
      >
        <input
          className="styles__Input-sc-18xwbcb-12 jqkTFa"
          id="employeeId"
          name="employeeId"
          onChange={[Function]}
          type="text"
          value=""
        />
      </div>
    </div>
    <div
      className="styles__Row-sc-18xwbcb-2 MjgCm"
    >
      <div
        className="styles__Col-sc-18xwbcb-1 cOYgjR"
      >
        <a
          href="/view/"
          id="viewEmployee"
          onClick={[Function]}
        >
          <div
            className="styles__Button-sc-18xwbcb-5 styles__ButtonPrimary-sc-18xwbcb-6 YFSZa"
          >
            View 
          </div>
        </a>
      </div>
    </div>
  </div>
</div>
`;
