// Jest Snapshot v1, https://goo.gl/fbAQLP

exports[`NavigationBar Component it matches the snapshot 1`] = `
<div
  className="styles__Row-sc-18xwbcb-2 eCIkQt"
>
  <div
    className="styles__Col-sc-18xwbcb-1 cOYgjR"
  >
    <a
      href="/add"
      onClick={[Function]}
    >
      <div
        className="styles__Button-sc-18xwbcb-5 styles__ButtonPrimary-sc-18xwbcb-6 YFSZa"
      >
        Add User
      </div>
    </a>
  </div>
  <div
    className="styles__Col-sc-18xwbcb-1 FOjru"
  >
    <a
      href="/find"
      onClick={[Function]}
    >
      <div
        className="styles__Button-sc-18xwbcb-5 styles__ButtonInfo-sc-18xwbcb-8 ezRsHp"
      >
        Search User
      </div>
    </a>
  </div>
  <div
    className="styles__Col-sc-18xwbcb-1 bLiUMj"
  >
    <a
      href="/users"
      onClick={[Function]}
    >
      <div
        className="styles__Button-sc-18xwbcb-5 styles__ButtonSuccess-sc-18xwbcb-7 cohRHv"
      >
        Users
      </div>
    </a>
  </div>
</div>
`;
