// Jest Snapshot v1, https://goo.gl/fbAQLP

exports[`List Component it matches the snapshot 1`] = `
<div
  className="styles__Row-sc-18xwbcb-2 eCIkQt"
  id="user_id_7"
>
  <div
    className="styles__Col-sc-18xwbcb-1 FOjru"
  >
    <div
      className="styles__NameLabel-sc-18xwbcb-4 eFarEQ"
    >
      N
      S
    </div>
  </div>
  <div
    className="styles__Col-sc-18xwbcb-1 eqLmFH"
  >
    <div>
      <b>
        Niku Sharma
      </b>
    </div>
    <div>
      007
    </div>
    <div>
      7@thesimpsons.com
    </div>
  </div>
  <div
    className="styles__Col-sc-18xwbcb-1 bLiUMj"
  >
    <a
      href="/view/7"
      onClick={[Function]}
    >
      <div
        className="styles__Button-sc-18xwbcb-5 styles__ButtonPrimary-sc-18xwbcb-6 YFSZa"
      >
        View
      </div>
       
    </a>
  </div>
</div>
`;
